
> lore-tcg@0.1.0 build
> node scripts/guard-design.mjs && npm --workspace client run build

✓ guard-design: ok

> lore-client@0.1.0 build
> tsc --noEmit && vite build

vite v7.3.6 building client environment for production...
transforming...
✓ 190 modules transformed.
rendering chunks...
computing gzip size...
dist/index.html                              1.13 kB │ gzip:   0.62 kB
dist/assets/game-pMfcEDtF.css                1.26 kB │ gzip:   0.49 kB
dist/assets/main-DqVLKpFa.css              353.89 kB │ gzip:  73.42 kB
dist/assets/handGeometry-Bz96hXgQ.js         0.95 kB │ gzip:   0.53 kB
dist/assets/RoomEnvironment-rXcg7mRv.js      2.06 kB │ gzip:   0.88 kB
dist/assets/voidSurface-CefGkVsw.js          2.90 kB │ gzip:   1.49 kB
dist/assets/diceScene-vn1IW6M-.js            8.18 kB │ gzip:   3.82 kB
dist/assets/ceremonyScene-B75yXDS7.js        8.93 kB │ gzip:   3.96 kB
dist/assets/paperDraw-Dp1Lg9wa.js            9.50 kB │ gzip:   4.34 kB
dist/assets/crownOutcome-BStsm9bi.js        13.76 kB │ gzip:   6.01 kB
dist/assets/riftScene-BsCADH3r.js           28.08 kB │ gzip:  11.33 kB
dist/assets/duelScene-BflnZXvr.js          106.88 kB │ gzip:  38.25 kB
dist/assets/game-xpDjhc9w.js               311.84 kB │ gzip: 124.09 kB
dist/assets/main-BdbZ5_rn.js             1,602.40 kB │ gzip: 470.83 kB

(!) Some chunks are larger than 500 kB after minification. Consider:
- Using dynamic import() to code-split the application
- Use build.rollupOptions.output.manualChunks to improve chunking: https://rollupjs.org/configuration-options/#output-manualchunks
- Adjust chunk size limit for this warning via build.chunkSizeWarningLimit.
✓ built in 55.29s
