
> lore-tcg@0.1.0 build
> node scripts/guard-design.mjs && npm --workspace client run build

✓ guard-design: ok

> lore-client@0.1.0 build
> tsc --noEmit && vite build

vite v5.4.21 building for production...
transforming...
✓ 167 modules transformed.
rendering chunks...
computing gzip size...
dist/index.html                              1.20 kB │ gzip:   0.64 kB
dist/table-preview.html                      1.51 kB │ gzip:   0.86 kB
dist/assets/tablePreview-2Rkra2Ey.css        1.87 kB │ gzip:   0.85 kB
dist/assets/main-DGZlqDv1.css              297.26 kB │ gzip:  63.53 kB
dist/assets/RoomEnvironment-CUV1UDrl.js      2.11 kB │ gzip:   0.92 kB │ map:     8.59 kB
dist/assets/voidSurface-BEtGeK0B.js          2.95 kB │ gzip:   1.52 kB │ map:     5.43 kB
dist/assets/diceScene-CX0zFvi6.js            8.26 kB │ gzip:   3.86 kB │ map:    31.67 kB
dist/assets/ceremonyScene-DfisBX8j.js        8.97 kB │ gzip:   3.99 kB │ map:    24.36 kB
dist/assets/paperDraw-BKzPY3Xk.js            9.53 kB │ gzip:   4.36 kB │ map:    28.43 kB
dist/assets/tablePreview-BSds8wJB.js        24.96 kB │ gzip:   7.24 kB │ map:    80.96 kB
dist/assets/riftScene-CAxLBelq.js           28.07 kB │ gzip:  11.38 kB │ map:    75.33 kB
dist/assets/GLTFLoader-C8ULEKVV.js          44.85 kB │ gzip:  13.55 kB │ map:   242.52 kB
dist/assets/duelScene-BfAtey5R.js           61.11 kB │ gzip:  24.33 kB │ map:   170.05 kB
dist/assets/three.module-CDnng1u7.js       609.23 kB │ gzip: 156.08 kB │ map: 2,955.47 kB
dist/assets/main-DEIcm04d.js             1,040.70 kB │ gzip: 408.02 kB │ map: 2,638.84 kB

(!) Some chunks are larger than 500 kB after minification. Consider:
- Using dynamic import() to code-split the application
- Use build.rollupOptions.output.manualChunks to improve chunking: https://rollupjs.org/configuration-options/#output-manualchunks
- Adjust chunk size limit for this warning via build.chunkSizeWarningLimit.
✓ built in 2.52s
