PASS tests/chosen-victory.mjs
PASS tests/attack-vfx.mjs
PASS tests/audio-contact-rules.mjs
PASS tests/audio-v3.mjs
PASS tests/balance-v52.mjs
PASS tests/balance-v57.mjs
PASS tests/card-wording.mjs
PASS tests/card-wording-render.mjs
PASS tests/card-effect-ux.mjs
PASS tests/biblion-vfx.mjs
PASS tests/connected-return-motion.mjs
PASS tests/dew-shield-v54.mjs
PASS tests/dice-model.mjs
PASS tests/dice-source.mjs
PASS tests/duel-ui.mjs
PASS tests/expansion-v50.mjs
PASS tests/fate-wheel.mjs
PASS tests/graphics-capability.mjs
PASS tests/grounded-motion.mjs
PASS tests/half-elf-v48.mjs
PASS tests/hand-condition-rules.mjs
PASS tests/health-cosmetics-v53.mjs
PASS tests/home-entrance-parity.mjs
PASS tests/library-furniture-model.mjs
PASS tests/lounge-horizon.mjs
PASS tests/lounge-rank.mjs
PASS tests/lounge-settlement.mjs
PASS tests/menu-records.mjs
PASS tests/menu-selected.mjs
PASS tests/monster-animation-rules.mjs
PASS tests/monster-effect-activation.mjs
PASS tests/motion-v2.mjs
PASS tests/opening-hands.mjs
PASS tests/paper-card.mjs
PASS tests/pile-stock.mjs
PASS tests/portal-return-motion.mjs
PASS tests/purchase-air.mjs
PASS tests/purchase-vfx.mjs
PASS tests/quest-quick.mjs
PASS tests/quest-pact.mjs
PASS tests/quick-playback.mjs
PASS tests/rank-emblem.mjs
PASS tests/rank-sound.mjs
PASS tests/release-furniture-model.mjs
PASS tests/rift-fold.mjs
PASS tests/rift-transmute.mjs
PASS tests/solid-draw.mjs
PASS tests/stagecraft-models.mjs
PASS tests/stat-rise.mjs
PASS tests/multi-target-buff.mjs
PASS tests/trap-related-rework.mjs
PASS tests/trap-removal.mjs
PASS tests/ceremony-audio-aim.mjs
PASS tests/trap-removal-tutorial.mjs
PASS tests/production-security.mjs
PASS tests/production-bc.mjs
PASS tests/match-bots.mjs
PASS tests/duel-opening-server.mjs
PASS tests/dew-shield-server.mjs
PASS tests/deck-hand-editor.mjs
PASS tests/turn-banner.mjs
PASS tests/opening-approved.mjs
PASS tests/mimic-approved.mjs
PASS tests/slate-summon.mjs
PASS tests/spell-frame.mjs
PASS tests/mana-destruction.mjs
PASS tests/decay-dissolve.mjs
PASS tests/elemental-adoption.mjs
PASS tests/persistent-flight.mjs
PASS tests/tribe-synergy-rules.mjs
PASS tests/tribe-presentation.mjs
PASS tests/golem-guts.mjs
PASS tests/zero-attack-rule.mjs
PASS tests/zero-attack-balance.mjs
PASS tests/verdant-summon.mjs
PASS tests/critical-trigger-chains.mjs
PASS tests/status-grant.mjs
PASS tests/target-choice-ux.mjs
PASS tests/target-choice-ui.mjs
PASS tests/target-choice-server.mjs
PASS tests/dew-grant.mjs
PASS tests/duel-bugfix-oct08.mjs
PASS tests/cross-system-oct08.mjs
PASS tests/combat-anchor.mjs
PASS tests/chosen-heroes-summon.mjs
85/85 passed; historical/browser scopes are explicit in production-suite.json
Current Version ID: fe836101-ee87-47cc-a32e-4d0fde7cfa26
Deployed committed snapshot fc1ec0c56d5cb0f2800232d94886271c7da1064e staging
