
> lore-tcg@0.1.0 build
> node scripts/guard-design.mjs && npm --workspace client run build

✓ guard-design: ok

> lore-client@0.1.0 build
> tsc --noEmit && vite build

vite v5.4.21 building for production...
transforming...
✓ 153 modules transformed.
rendering chunks...
computing gzip size...
dist/index.html                            1.20 kB │ gzip:   0.64 kB
dist/table-preview.html                    1.51 kB │ gzip:   0.86 kB
dist/assets/tablePreview-2Rkra2Ey.css      1.87 kB │ gzip:   0.85 kB
dist/assets/main-bQk4vj8V.css            291.20 kB │ gzip:  62.17 kB
dist/assets/RoomEnvironment-c2MBJvUu.js    2.11 kB │ gzip:   0.93 kB │ map:     8.61 kB
dist/assets/cardSurface-BNe5h8Td.js        7.75 kB │ gzip:   3.67 kB │ map:    21.24 kB
dist/assets/diceScene-s8qSQUOS.js          8.26 kB │ gzip:   3.87 kB │ map:    31.69 kB
dist/assets/ceremonyScene-C-ygb703.js      8.98 kB │ gzip:   3.99 kB │ map:    24.36 kB
dist/assets/paperDraw-BLCwK0EV.js          9.53 kB │ gzip:   4.36 kB │ map:    28.43 kB
dist/assets/tablePreview-fymLZx6b.js      24.96 kB │ gzip:   7.24 kB │ map:    80.98 kB
dist/assets/riftScene-BPnjejUg.js         28.07 kB │ gzip:  11.38 kB │ map:    75.33 kB
dist/assets/GLTFLoader-QXIiiGLa.js        44.85 kB │ gzip:  13.56 kB │ map:   242.57 kB
dist/assets/duelScene-PLs7TND8.js         49.21 kB │ gzip:  19.63 kB │ map:   139.56 kB
dist/assets/three.module-tYAC2WKn.js     609.22 kB │ gzip: 156.08 kB │ map: 2,955.50 kB
dist/assets/main-CkrHgyUL.js             978.42 kB │ gzip: 382.23 kB │ map: 2,478.58 kB

(!) Some chunks are larger than 500 kB after minification. Consider:
- Using dynamic import() to code-split the application
- Use build.rollupOptions.output.manualChunks to improve chunking: https://rollupjs.org/configuration-options/#output-manualchunks
- Adjust chunk size limit for this warning via build.chunkSizeWarningLimit.
✓ built in 1m 22s
