
> lore-tcg@0.1.0 build
> node scripts/guard-design.mjs && npm --workspace client run build

✓ guard-design: ok

> lore-client@0.1.0 build
> tsc --noEmit && vite build

vite v5.4.21 building for production...
transforming...
✓ 155 modules transformed.
rendering chunks...
computing gzip size...
dist/index.html                            1.20 kB │ gzip:   0.65 kB
dist/table-preview.html                    1.51 kB │ gzip:   0.86 kB
dist/assets/tablePreview-2Rkra2Ey.css      1.87 kB │ gzip:   0.85 kB
dist/assets/main-BJhzRqNG.css            291.67 kB │ gzip:  62.32 kB
dist/assets/RoomEnvironment-c2MBJvUu.js    2.11 kB │ gzip:   0.93 kB │ map:     8.61 kB
dist/assets/voidSurface-vAxv1mbl.js        2.95 kB │ gzip:   1.53 kB │ map:     5.43 kB
dist/assets/diceScene-CfwX5Ut2.js          8.26 kB │ gzip:   3.87 kB │ map:    31.69 kB
dist/assets/ceremonyScene-C-ygb703.js      8.98 kB │ gzip:   3.99 kB │ map:    24.36 kB
dist/assets/paperDraw-B8H9DCwl.js          9.53 kB │ gzip:   4.36 kB │ map:    28.43 kB
dist/assets/tablePreview-fymLZx6b.js      24.96 kB │ gzip:   7.24 kB │ map:    80.98 kB
dist/assets/riftScene-BPvaBWG7.js         28.07 kB │ gzip:  11.38 kB │ map:    75.33 kB
dist/assets/GLTFLoader-QXIiiGLa.js        44.85 kB │ gzip:  13.56 kB │ map:   242.57 kB
dist/assets/duelScene-Aws3cuY0.js         49.21 kB │ gzip:  19.63 kB │ map:   139.56 kB
dist/assets/three.module-tYAC2WKn.js     609.22 kB │ gzip: 156.08 kB │ map: 2,955.50 kB
dist/assets/main-C9YZ_iaP.js             995.63 kB │ gzip: 388.71 kB │ map: 2,523.18 kB

(!) Some chunks are larger than 500 kB after minification. Consider:
- Using dynamic import() to code-split the application
- Use build.rollupOptions.output.manualChunks to improve chunking: https://rollupjs.org/configuration-options/#output-manualchunks
- Adjust chunk size limit for this warning via build.chunkSizeWarningLimit.
✓ built in 3.05s
