
 ⛅️ wrangler 4.130.0 (update available 4.144.0)
───────────────────────────────────────────────
🌀 Building list of assets...
✨ Read 2109 files from the assets directory /private/tmp/lore-menu-player-ui-staging/client/dist
🌀 Starting asset upload...
🌀 Found 19 new or modified static assets to upload. Proceeding with upload...
+ /index.html
+ /art/lounge/icons/shard-simple-v1.png
+ /assets/riftScene-CBDkTt8U.js
+ /assets/crownOutcome-qbz6vTqh.js.map
+ /assets/tablePreview-CJCuoT-O.js.map
+ /assets/main-BF7NjVr-.css
+ /assets/main-CDvAfeuk.js.map
+ /assets/diceScene-CtxYa10K.js
+ /assets/paperDraw-C7XuoB0s.js
+ /assets/paperDraw-C7XuoB0s.js.map
+ /assets/duelScene-DAuucuDw.js
+ /assets/duelScene-DAuucuDw.js.map
+ /assets/main-CDvAfeuk.js
+ /assets/RoomEnvironment-Dg4OOisb.js.map
+ /assets/crownOutcome-qbz6vTqh.js
+ /assets/diceScene-CtxYa10K.js.map
+ /assets/riftScene-CBDkTt8U.js.map
+ /assets/GLTFLoader-DqCMa9To.js.map
+ /assets/three.module-DJFzXWA5.js.map
Uploaded 6 of 19 assets
Uploaded 12 of 19 assets
Uploaded 19 of 19 assets
✨ Success! Uploaded 19 files (2023 already uploaded) (2.56 sec)

Total Upload: 1092.90 KiB / gzip: 235.21 KiB
Worker Startup Time: 57 ms
Your Worker has access to the following bindings:
Binding                                                                Resource
env.MATCHMAKER (Matchmaker)                                            Durable Object
env.GAME_ROOM (GameRoom)                                               Durable Object
env.DB (lore-db-staging)                                               D1 Database
env.ASSETS                                                             Assets
env.APP_ORIGIN ("*")                                                   Environment Variable
env.GOOGLE_CLIENT_ID ("955911680552-9i1tcrojam3v759dmampaga6...")      Environment Variable
env.ADMIN_EMAILS ("maruru836818@gmail.com,suhwoo3@gmail....")          Environment Variable

Uploaded lore-server-staging (8.29 sec)
Deployed lore-server-staging triggers (1.86 sec)
  test.yourlore.xyz (custom domain)
Current Version ID: 1091a0b4-18b6-4ff9-9b33-fd1c2e571325
