
> lore-tcg@0.1.0 build
> node scripts/guard-design.mjs && npm --workspace client run build

✓ guard-design: ok

> lore-client@0.1.0 build
> tsc --noEmit && vite build

vite v5.4.21 building for production...
transforming...
✓ 167 modules transformed.
rendering chunks...
computing gzip size...
dist/index.html                              1.20 kB │ gzip:   0.64 kB
dist/table-preview.html                      1.51 kB │ gzip:   0.87 kB
dist/assets/tablePreview-2Rkra2Ey.css        1.87 kB │ gzip:   0.85 kB
dist/assets/main-C6K7tQB5.css              297.37 kB │ gzip:  63.55 kB
dist/assets/RoomEnvironment-XX58V7Xx.js      2.11 kB │ gzip:   0.92 kB │ map:     8.56 kB
dist/assets/voidSurface-BvPkw2Ai.js          2.95 kB │ gzip:   1.52 kB │ map:     5.43 kB
dist/assets/diceScene-BWrqpwBP.js            8.26 kB │ gzip:   3.86 kB │ map:    31.64 kB
dist/assets/ceremonyScene-CJ_amyty.js        8.98 kB │ gzip:   3.99 kB │ map:    24.36 kB
dist/assets/paperDraw-BtMBFZQR.js            9.53 kB │ gzip:   4.36 kB │ map:    28.43 kB
dist/assets/tablePreview-Bbt3qVfB.js        24.96 kB │ gzip:   7.24 kB │ map:    80.93 kB
dist/assets/riftScene-BzCIyert.js           28.06 kB │ gzip:  11.37 kB │ map:    74.24 kB
dist/assets/GLTFLoader-AEMP8Cz1.js          44.85 kB │ gzip:  13.55 kB │ map:   242.44 kB
dist/assets/duelScene-D2ZWF56B.js           61.90 kB │ gzip:  24.60 kB │ map:   173.29 kB
dist/assets/three.module-oapt2zHx.js       609.24 kB │ gzip: 156.08 kB │ map: 2,955.41 kB
dist/assets/main-X560-ZAi.js             1,040.70 kB │ gzip: 408.02 kB │ map: 2,639.13 kB

(!) Some chunks are larger than 500 kB after minification. Consider:
- Using dynamic import() to code-split the application
- Use build.rollupOptions.output.manualChunks to improve chunking: https://rollupjs.org/configuration-options/#output-manualchunks
- Adjust chunk size limit for this warning via build.chunkSizeWarningLimit.
✓ built in 3.50s
