
 ⛅️ wrangler 4.130.0 (update available 4.144.0)
───────────────────────────────────────────────
🌀 Building list of assets...
✨ Read 2109 files from the assets directory /private/tmp/lore-production-audit-20260930/client/dist
🌀 Starting asset upload...
🌀 Found 13 new or modified static assets to upload. Proceeding with upload...
+ /index.html
+ /assets/crownOutcome-BbcPrzoM.js
+ /assets/diceScene-DvAgTil1.js.map
+ /assets/riftScene-BnoZAvbx.js.map
+ /assets/main-OOUfW-A6.js.map
+ /assets/diceScene-DvAgTil1.js
+ /assets/riftScene-BnoZAvbx.js
+ /assets/crownOutcome-BbcPrzoM.js.map
+ /assets/duelScene-CGPMXXZo.js.map
+ /assets/paperDraw-CTkSIK5a.js
+ /assets/paperDraw-CTkSIK5a.js.map
+ /assets/duelScene-CGPMXXZo.js
+ /assets/main-OOUfW-A6.js
Uploaded 4 of 13 assets
Uploaded 9 of 13 assets
Uploaded 13 of 13 assets
✨ Success! Uploaded 13 files (2029 already uploaded) (2.37 sec)

Total Upload: 1096.98 KiB / gzip: 236.19 KiB
Worker Startup Time: 135 ms
Your Worker has access to the following bindings:
Binding                                                                Resource
env.MATCHMAKER (Matchmaker)                                            Durable Object
env.GAME_ROOM (GameRoom)                                               Durable Object
env.DB (lore-db-staging)                                               D1 Database
env.ASSETS                                                             Assets
env.APP_ORIGIN ("*")                                                   Environment Variable
env.GOOGLE_CLIENT_ID ("955911680552-9i1tcrojam3v759dmampaga6...")      Environment Variable
env.ADMIN_EMAILS ("maruru836818@gmail.com,suhwoo3@gmail....")          Environment Variable

Uploaded lore-server-staging (8.65 sec)
Deployed lore-server-staging triggers (1.96 sec)
  test.yourlore.xyz (custom domain)
Current Version ID: 9e676b8c-ddd2-4512-8b3a-9a7f5a562c58
