card M1
card M2
card M3
card M4
card M5
card M6
card M7
card M8
card M9
card M10
card M11
card M12
card S1
card S10
card S3
card S4
card S5
card S8
card S6
card S7
card S12
card S13
card S14
card S15
card MIMIC
card E1
card E2
card E3
card TSO2
card TSO5
card TPO2
card TPO5
card TAR2
card TAR5
card ND2
card ND3
card ND5
card NMD2
card NMD4
card NMD6
card NGA3
card NGA4
card NWL3
card NHEX
card AHEUK
card AJIN
card AMA
card NHEAL
card GM5_0
card GM5_2
card GM5_3
card GS5_3
card GS5_4
card GM6_0
card GM6_1
card GM6_7
card GM6_8
card GS6_4
card GS8_0
card INFKNIGHT
card NT_SEAL3
card NT_SEAL5
card TSO3
card TPO3
card TAR3
card TGE1
card TGE2
card TGE3
card TGE4
card TGE5
card TGE6
card TGE7
card HANDRESET
card TIMEWARP
card INFERNO
card GAMBLE
card ASSASSIN1
card ASSASSIN2
card ASSASSIN3
card ASSASSIN4
card RUNE1
card RUNE2
card RUNE3
card GENESIS_SONG
card GENESIS_MAGIC
card KIN_CALL
card MULTI_CULTURE
card SLAY_ART
card BLOOD1
card DISARM1
card DISARM2
card DISARM3
card FORBIDDEN
card LUCKY_CHEST
card MIMIC2
card GUILD_CHEST
card GUILD_EYE
card CATALYST
card WORLD_SEED
card MANA_GIANT
card HOURGLASS
card LIFE_CYCLE
card LIFE_SANCTUM
card WORLD_HEART
card MEDITATE
card HERMIT
card WORLD_BLESS
card GLASS_BAN
card SHATTER
card SCARECROW
card LEVY
card INQUISITION
card MIMIC_LORD
card AWAKENED_MIMIC
card MIMIC_KING
card VITAL2
card VITAL3
card VITAL4
card CULL_FLOOD
card PAIN_HARVEST
card CULL_FARM
card PURGE_ALL
card EXILE_NUKE1
card EXILE_NUKE2
card GOLIATH_HUNT
card DOUBLE_EXEC
card MASSACRE
card MIMIC_KING2
card ORIGIN_MIMIC
card GREED_PRICE
card MARKET_CRISIS
card TOKEN00
card SOLDIER2
card FURNACE
card PURGE_TOUCH
card SCRAPPER
card HORDE
card ELITE
card WALLBREAK1
card WALLBREAK2
card SNIPE1
card SNIPE2
card DRAGON_EGG
card BEAST_EGG
card D_BLACK
card D_RED
card D_BLUE
card DIVINE
card EGG_HUNTER
card INCUBATOR
card EGG_MASTER
card BLOOD_JOY
card BLOOD_ANGER
card BLOOD_SORROW
card BLOOD_PLEASURE
card VAMP_PACT
card BLOOD_FEST
card BLOOD_SHIELD
card VAMP_WARD
card VAMP_PACT2
card VAMP_BUTLER
card BLOOD_SECRET
card VAMP1
card VAMP2
card VAMP3
card VAMP4
card VAMP5
card FLAME
card GHOST
card BLOOD_RITE
card WEAKEN_ALL
card GUILD_HALL
card FATE_WHEEL
card COUNTERCALC
card AMBUSH
card TRUMPET
card FORESIGHT
card TRICKROOM
card INCUBATOR_S
card TRIBE_PACT
card GOLEM1
card GOLEM2
card GOLEM3
card DECAY_CRAFT
card RUST_SLUG
card MAJESTY_RITE
card CROSSROADS
card CHOSEN_KNIGHT
card CHOSEN_MAGE
card CHOSEN_ARCHER
card CHOSEN_ROGUE
card RUST_SHROOM
card CHOSEN_AREA
card TRIAL_AREA
card ANCIENT_CIV
card GAMBLER
card ELF_HAVEN
card HALF_ELF
card LEGEND_GAMBLER
card ELF
card DARK_ELF
card HIGH_ELF
card ELDER_ELF_KING
card WORLD_CARE
card HPS_SCALE
card HPS_GRAFT
card HPS_OATH
card HPS_SOIL
card HPS_BOULDER
card GUILD_CO
card SLUM
card GRAPE
card BREWING
card MERCH1
card MERCH2
card GRAPE2
card WINE
card DARK_MERCHANT
card TPO1
card TSO1
card TAR1
card TDE1
card TDE2
card TDE3
card TDE4
card DUNGEON_FLOOR
card GEM_RAIN
card VOID_FRUIT
card VOID_APOSTLE
card CASINO
card REFRESH_HAND
card FOCUS
card GUILD_HQ
card WORLD_TREE
card CURSE
card ORIGIN_RITE
card DRAGON_RIDER
card ANTIQUE_DK
card CASTLE
card ACID_RAIN
card BUDGET
card EXPANSION
card LAND_GRANT
card TREASON
card STRONG_ACID
card ROTTEN_GROUND
card UNBRAND
card DEMON_REALM
card AEM
card KNIGHT_TEACH
card DUNGEON
card NL_SECRET
card HEXER1
card HEXER2
card HEXER3
card HEXER4
card SORTER
card COLOSSEUM_REST
card COLOSSEUM
card UNBRANDER
card LAWLESS
card RIFT
card FREE_REWARD
card NO_PAIN
card ORIGIN_QUEST
card BEGINNER_MIND
card VOID_RITE
card SPACE_RITE
card LUCKY_ECHO
card BUYOUT
card PENANCE
card PACK_INSTINCT
card MIND_BURST
card RICH_HABIT
card Q_RIFT
card Q_BRAND
card Q_TORI
card Q_WINTER
card Q_TRIBE
card Q_CASTLE
card Q_DECAY
card Q_ASSASSIN
card Q_MANA
card QUICK_MIMIC
card QUICK_SURVIVAL
card QUICK_POISON
card QUICK_WORLD
card QUICK_MUSTER
card QUICK_SORT
card QUICK_REBIRTH
card QUICK_ATTUNE
card QUICK_GRIMOIRE
card QUICK_ASSAULT
card INTERCEPT
card REINFORCE
card GUNNER
card HEAVY_GUNNER
card FARM_KEEPER
card MIMIC_HUNTER
card QUICK_HELLFIRE
card STABLE
card CAVALRY
card MERCENARY
card MERC_LEADER
card MERC_MASTER
card MERC_ART
card Q_CHEAT
card Q_TOWN
card DOMINION
card POISON_MASTER
card ADVANCE
card QUICK_AID
card EMPTY_MIND
card CREATION
card ROGUE_ART
card MIMIC_HIDEOUT
card BLACK_REVERSE
card BLACK_INFINITY
card BLACK_NOVA
card BLACK_CURSE
card BLACK_ELSA
card BLACK_ALICE
card QUICK_CURSE
card SOUL_HARVEST
card ANESTHESIA
card EARTHQUAKE
card MAGMA_RAIN
card FIRE_BALL
card FIRE_ARROW
card FIRE_ZONE
card FIRE_METEOR
card FIRE_ART
card FIRE_MASTER
card DOUBLE_UP
card ASSASSIN_SQUAD
card DISCOVERY_SMALL
card DISCOVERY
card DISCOVERY_LARGE
card PREPARATION
card EROSION
card GROWTH
card APPRENTICE_ARMORER
card VETERAN_ARMORER
card SALLY_WEAPONMASTER
card PRIEST
card HIGH_PRIEST
card BLACKSMITH
card SHIELD_TITAN
card ARMOR_BREAK
card SPEAR_AND_SHIELD
card SELECTED_SWORD
card SELECTED_SHIELD
card WINE_COLLECTOR
card DEFENSIVE_STANCE
card IRON_WALL
card DESERTIFICATION
card NOURISHING_RAIN
{ games: 20, resolved: 20, steps: 3368, stalls: 0, errors: 0 }
{ games: 40, resolved: 40, steps: 6399, stalls: 0, errors: 0 }
{ games: 60, resolved: 60, steps: 9535, stalls: 0, errors: 0 }
{ games: 80, resolved: 80, steps: 13473, stalls: 0, errors: 0 }
{ games: 100, resolved: 100, steps: 17297, stalls: 0, errors: 0 }
{ games: 120, resolved: 120, steps: 20445, stalls: 0, errors: 0 }
{ games: 140, resolved: 140, steps: 23754, stalls: 0, errors: 0 }
{ games: 160, resolved: 160, steps: 27153, stalls: 0, errors: 0 }
{ games: 180, resolved: 180, steps: 31202, stalls: 0, errors: 0 }
{ games: 200, resolved: 200, steps: 34475, stalls: 0, errors: 0 }
{
  cards: 357,
  cardCases: 714,
  games: 200,
  resolved: 200,
  steps: 34475,
  stalls: [],
  errors: [],
  timeouts: 0
}
