
> lore-tcg@0.1.0 build
> node scripts/guard-design.mjs && npm --workspace client run build

✓ guard-design: ok

> lore-client@0.1.0 build
> tsc --noEmit && vite build

vite v5.4.21 building for production...
transforming...
✓ 152 modules transformed.
rendering chunks...
computing gzip size...
dist/index.html                            1.20 kB │ gzip:   0.65 kB
dist/table-preview.html                    1.51 kB │ gzip:   0.86 kB
dist/assets/tablePreview-2Rkra2Ey.css      1.87 kB │ gzip:   0.85 kB
dist/assets/main-DIR24mPF.css            290.62 kB │ gzip:  62.00 kB
dist/assets/RoomEnvironment-Bm_uhgLE.js    2.11 kB │ gzip:   0.93 kB │ map:     8.59 kB
dist/assets/cardSurface-BlJCF1Wv.js        7.75 kB │ gzip:   3.67 kB │ map:    21.24 kB
dist/assets/diceScene-BTsrRILu.js          8.26 kB │ gzip:   3.87 kB │ map:    31.67 kB
dist/assets/ceremonyScene-BdJ6wPnH.js      8.98 kB │ gzip:   4.00 kB │ map:    24.36 kB
dist/assets/paperDraw-D1ZPrOkv.js          9.53 kB │ gzip:   4.36 kB │ map:    28.43 kB
dist/assets/tablePreview-CDKSm7Zu.js      24.96 kB │ gzip:   7.24 kB │ map:    80.96 kB
dist/assets/riftScene-CxkKeeOk.js         28.07 kB │ gzip:  11.38 kB │ map:    75.33 kB
dist/assets/duelScene-CeSpLEWL.js         40.59 kB │ gzip:  16.42 kB │ map:   119.90 kB
dist/assets/GLTFLoader-Bcaky_l1.js        44.85 kB │ gzip:  13.56 kB │ map:   242.52 kB
dist/assets/three.module-CEKDySQ-.js     609.21 kB │ gzip: 156.07 kB │ map: 2,955.47 kB
dist/assets/main-CFDMQOVO.js             995.97 kB │ gzip: 390.87 kB │ map: 2,517.86 kB

(!) Some chunks are larger than 500 kB after minification. Consider:
- Using dynamic import() to code-split the application
- Use build.rollupOptions.output.manualChunks to improve chunking: https://rollupjs.org/configuration-options/#output-manualchunks
- Adjust chunk size limit for this warning via build.chunkSizeWarningLimit.
✓ built in 11.33s
