
> lore-tcg@0.1.0 build
> node scripts/guard-design.mjs && npm --workspace client run build

✓ guard-design: ok

> lore-client@0.1.0 build
> tsc --noEmit && vite build

vite v5.4.21 building for production...
transforming...
✓ 140 modules transformed.
rendering chunks...
computing gzip size...
dist/index.html                            1.17 kB │ gzip:   0.63 kB
dist/table-preview.html                    1.51 kB │ gzip:   0.86 kB
dist/assets/tablePreview-2Rkra2Ey.css      1.87 kB │ gzip:   0.85 kB
dist/assets/main-BHuL8O5z.css            284.67 kB │ gzip:  60.64 kB
dist/assets/RoomEnvironment-Bm_uhgLE.js    2.11 kB │ gzip:   0.93 kB │ map:     8.56 kB
dist/assets/cardSurface-BlJCF1Wv.js        7.75 kB │ gzip:   3.67 kB │ map:    21.24 kB
dist/assets/diceScene-CoxRgECK.js          8.19 kB │ gzip:   3.83 kB │ map:    31.54 kB
dist/assets/riftScene-BJlXry-1.js          8.66 kB │ gzip:   4.04 kB │ map:    29.12 kB
dist/assets/ceremonyScene-BdJ6wPnH.js      8.98 kB │ gzip:   4.00 kB │ map:    24.36 kB
dist/assets/paperDraw-DElMSPqj.js          9.53 kB │ gzip:   4.36 kB │ map:    28.43 kB
dist/assets/tablePreview-CDKSm7Zu.js      24.96 kB │ gzip:   7.24 kB │ map:    80.93 kB
dist/assets/duelScene-CXJ3gPKF.js         40.26 kB │ gzip:  16.30 kB │ map:   119.08 kB
dist/assets/GLTFLoader-Bcaky_l1.js        44.85 kB │ gzip:  13.56 kB │ map:   242.44 kB
dist/assets/three.module-CEKDySQ-.js     609.21 kB │ gzip: 156.07 kB │ map: 2,955.41 kB
dist/assets/main-BGfhR63j.js             969.36 kB │ gzip: 379.18 kB │ map: 2,446.55 kB

(!) Some chunks are larger than 500 kB after minification. Consider:
- Using dynamic import() to code-split the application
- Use build.rollupOptions.output.manualChunks to improve chunking: https://rollupjs.org/configuration-options/#output-manualchunks
- Adjust chunk size limit for this warning via build.chunkSizeWarningLimit.
✓ built in 2.91s
