From https://github.com/hiromaru05s/yourlore
 * branch              main       -> FETCH_HEAD
Preparing worktree (detached HEAD fcbb5535)
Updating files:  14% (1101/7740)
Updating files:  15% (1161/7740)
Updating files:  16% (1239/7740)
Updating files:  17% (1316/7740)
Updating files:  18% (1394/7740)
Updating files:  19% (1471/7740)
Updating files:  20% (1548/7740)
Updating files:  21% (1626/7740)
Updating files:  22% (1703/7740)
Updating files:  23% (1781/7740)
Updating files:  24% (1858/7740)
Updating files:  25% (1935/7740)
Updating files:  26% (2013/7740)
Updating files:  26% (2032/7740)
Updating files:  27% (2090/7740)
Updating files:  28% (2168/7740)
Updating files:  29% (2245/7740)
Updating files:  30% (2322/7740)
Updating files:  31% (2400/7740)
Updating files:  32% (2477/7740)
Updating files:  33% (2555/7740)
Updating files:  34% (2632/7740)
Updating files:  35% (2709/7740)
Updating files:  36% (2787/7740)
Updating files:  37% (2864/7740)
Updating files:  38% (2942/7740)
Updating files:  39% (3019/7740)
Updating files:  40% (3096/7740)
Updating files:  41% (3174/7740)
Updating files:  42% (3251/7740)
Updating files:  43% (3329/7740)
Updating files:  44% (3406/7740)
Updating files:  44% (3425/7740)
Updating files:  45% (3483/7740)
Updating files:  46% (3561/7740)
Updating files:  47% (3638/7740)
Updating files:  48% (3716/7740)
Updating files:  49% (3793/7740)
Updating files:  49% (3800/7740)
Updating files:  50% (3870/7740)
Updating files:  51% (3948/7740)
Updating files:  52% (4025/7740)
Updating files:  53% (4103/7740)
Updating files:  53% (4133/7740)
Updating files:  54% (4180/7740)
Updating files:  55% (4257/7740)
Updating files:  56% (4335/7740)
Updating files:  57% (4412/7740)
Updating files:  57% (4449/7740)
Updating files:  58% (4490/7740)
Updating files:  59% (4567/7740)
Updating files:  60% (4644/7740)
Updating files:  61% (4722/7740)
Updating files:  62% (4799/7740)
Updating files:  63% (4877/7740)
Updating files:  64% (4954/7740)
Updating files:  65% (5031/7740)
Updating files:  66% (5109/7740)
Updating files:  66% (5151/7740)
Updating files:  67% (5186/7740)
Updating files:  68% (5264/7740)
Updating files:  69% (5341/7740)
Updating files:  70% (5418/7740)
Updating files:  71% (5496/7740)
Updating files:  71% (5564/7740)
Updating files:  72% (5573/7740)
Updating files:  73% (5651/7740)
Updating files:  74% (5728/7740)
Updating files:  75% (5805/7740)
Updating files:  76% (5883/7740)
Updating files:  76% (5884/7740)
Updating files:  77% (5960/7740)
Updating files:  78% (6038/7740)
Updating files:  79% (6115/7740)
Updating files:  80% (6192/7740)
Updating files:  80% (6213/7740)
Updating files:  81% (6270/7740)
Updating files:  82% (6347/7740)
Updating files:  83% (6425/7740)
Updating files:  83% (6477/7740)
Updating files:  84% (6502/7740)
Updating files:  85% (6579/7740)
Updating files:  86% (6657/7740)
Updating files:  87% (6734/7740)
Updating files:  88% (6812/7740)
Updating files:  89% (6889/7740)
Updating files:  90% (6966/7740)
Updating files:  91% (7044/7740)
Updating files:  91% (7058/7740)
Updating files:  92% (7121/7740)
Updating files:  93% (7199/7740)
Updating files:  94% (7276/7740)
Updating files:  95% (7353/7740)
Updating files:  96% (7431/7740)
Updating files:  97% (7508/7740)
Updating files:  98% (7586/7740)
Updating files:  99% (7663/7740)
Updating files: 100% (7740/7740)
Updating files: 100% (7740/7740), done.

added 102 packages, and audited 105 packages in 8s

found 0 vulnerabilities

> lore-tcg@0.1.0 typecheck
> npm --workspace client run typecheck && npm --workspace server run typecheck


> lore-client@0.1.0 typecheck
> tsc --noEmit


> lore-server@0.1.0 typecheck
> tsc --noEmit


> lore-tcg@0.1.0 test:production
> node scripts/test-production.mjs

PASS tests/chosen-victory.mjs
PASS tests/attack-vfx.mjs
PASS tests/audio-contact-rules.mjs
PASS tests/audio-v3.mjs
PASS tests/balance-v52.mjs
PASS tests/balance-v57.mjs
PASS tests/card-wording.mjs
PASS tests/card-wording-render.mjs
PASS tests/card-effect-ux.mjs
PASS tests/biblion-vfx.mjs
PASS tests/connected-return-motion.mjs
PASS tests/dew-shield-v54.mjs
PASS tests/dice-model.mjs
PASS tests/dice-source.mjs
PASS tests/duel-ui.mjs
PASS tests/expansion-v50.mjs
PASS tests/fate-wheel.mjs
PASS tests/graphics-capability.mjs
PASS tests/grounded-motion.mjs
PASS tests/half-elf-v48.mjs
PASS tests/hand-condition-rules.mjs
PASS tests/health-cosmetics-v53.mjs
PASS tests/home-entrance-parity.mjs
PASS tests/library-furniture-model.mjs
PASS tests/lounge-horizon.mjs
PASS tests/lounge-rank.mjs
PASS tests/lounge-settlement.mjs
PASS tests/menu-records.mjs
PASS tests/menu-selected.mjs
PASS tests/monster-animation-rules.mjs
PASS tests/monster-effect-activation.mjs
PASS tests/motion-v2.mjs
PASS tests/opening-hands.mjs
PASS tests/paper-card.mjs
PASS tests/pile-stock.mjs
PASS tests/portal-return-motion.mjs
PASS tests/purchase-air.mjs
PASS tests/purchase-vfx.mjs
PASS tests/quest-quick.mjs
PASS tests/quest-pact.mjs
PASS tests/quick-playback.mjs
PASS tests/rank-emblem.mjs
PASS tests/rank-sound.mjs
PASS tests/release-furniture-model.mjs
PASS tests/rift-fold.mjs
PASS tests/rift-transmute.mjs
PASS tests/solid-draw.mjs
PASS tests/stagecraft-models.mjs
PASS tests/stat-rise.mjs
PASS tests/multi-target-buff.mjs
PASS tests/trap-related-rework.mjs
PASS tests/trap-removal.mjs
PASS tests/ceremony-audio-aim.mjs
PASS tests/trap-removal-tutorial.mjs
PASS tests/production-security.mjs
PASS tests/production-bc.mjs
PASS tests/match-bots.mjs
PASS tests/duel-opening-server.mjs
PASS tests/dew-shield-server.mjs
PASS tests/deck-hand-editor.mjs
PASS tests/turn-banner.mjs
PASS tests/opening-approved.mjs
PASS tests/mimic-approved.mjs
PASS tests/slate-summon.mjs
PASS tests/spell-frame.mjs
PASS tests/mana-destruction.mjs
PASS tests/decay-dissolve.mjs
PASS tests/elemental-adoption.mjs
PASS tests/persistent-flight.mjs
PASS tests/tribe-synergy-rules.mjs
PASS tests/tribe-presentation.mjs
PASS tests/golem-guts.mjs
PASS tests/zero-attack-rule.mjs
PASS tests/zero-attack-balance.mjs
PASS tests/verdant-summon.mjs
PASS tests/critical-trigger-chains.mjs
PASS tests/status-grant.mjs
PASS tests/target-choice-ux.mjs
PASS tests/target-choice-ui.mjs
PASS tests/target-choice-server.mjs
PASS tests/dew-grant.mjs
PASS tests/duel-bugfix-oct08.mjs
PASS tests/cross-system-oct08.mjs
PASS tests/combat-anchor.mjs
PASS tests/chosen-heroes-summon.mjs
PASS tests/golem-shell.mjs
PASS tests/gambler-summon.mjs
PASS tests/mercenary-summon.mjs
PASS tests/mage-summon.mjs
89/89 passed; historical/browser scopes are explicit in production-suite.json

> lore-tcg@0.1.0 build
> node scripts/guard-design.mjs && npm --workspace client run build

✓ guard-design: ok

> lore-client@0.1.0 build
> tsc --noEmit && vite build

vite v7.3.6 building client environment for production...
transforming...
✓ 356 modules transformed.
rendering chunks...
computing gzip size...
dist/cosmetic-studio.html                             0.53 kB │ gzip:   0.40 kB
dist/index.html                                       1.53 kB │ gzip:   0.71 kB
dist/assets/runtime-Ch9eydv_.css                      0.21 kB │ gzip:   0.14 kB
dist/assets/board-UDApamK7.css                        2.17 kB │ gzip:   0.89 kB
dist/assets/layout-BgPxMCBL.css                       4.02 kB │ gzip:   1.39 kB
dist/assets/studio-CmgKc6nL.css                       8.77 kB │ gzip:   2.61 kB
dist/assets/main-DsQxvfwJ.css                       173.02 kB │ gzip:  34.52 kB
dist/assets/modal-BCG4ETYd.css                      237.85 kB │ gzip:  51.01 kB
dist/assets/cosmeticPreviewBridge-Dp0XOZ5G.js         0.13 kB │ gzip:   0.12 kB
dist/assets/renderDensity-eCqR3GeM.js                 0.55 kB │ gzip:   0.28 kB
dist/assets/handGeometry-Bz96hXgQ.js                  0.95 kB │ gzip:   0.53 kB
dist/assets/pileModels-DKqQYjjw.js                    2.25 kB │ gzip:   1.08 kB
dist/assets/catalogRender-BZnQexkL.js                 2.33 kB │ gzip:   1.25 kB
dist/assets/persistentFlightRenderer-pL2r7FbX.js      3.50 kB │ gzip:   1.77 kB
dist/assets/baseFurniture-CYiyK-Mu.js                 3.67 kB │ gzip:   1.80 kB
dist/assets/atelierThemes-DM29k3s-.js                 3.74 kB │ gzip:   2.09 kB
dist/assets/ornaments-D7IFisAu.js                     3.93 kB │ gzip:   1.98 kB
dist/assets/master-tongues-DGgnU-87.js                4.02 kB │ gzip:   2.03 kB
dist/assets/family-matter-BPXA7Dr3.js                 4.34 kB │ gzip:   2.18 kB
dist/assets/BufferGeometryUtils-CxvLlqkP.js           4.86 kB │ gzip:   1.47 kB
dist/assets/audit-Ch-vlPRj.js                         5.45 kB │ gzip:   2.88 kB
dist/assets/board-BL_nQPiC.js                         5.63 kB │ gzip:   2.70 kB
dist/assets/royal-matter-DTbmi3lt.js                  6.33 kB │ gzip:   3.00 kB
dist/assets/scene-8fKPbiwa.js                         6.35 kB │ gzip:   2.76 kB
dist/assets/sleeve-TxAu5wCI.js                        6.65 kB │ gzip:   3.16 kB
dist/assets/runtime-CbL56ncc.js                       7.09 kB │ gzip:   3.22 kB
dist/assets/diceScene-HpNIgEf2.js                     8.21 kB │ gzip:   3.84 kB
dist/assets/ceremonyScene-Dq5WpLCx.js                 8.94 kB │ gzip:   3.96 kB
dist/assets/materials-DmIvy1hJ.js                     9.07 kB │ gzip:   4.13 kB
dist/assets/renderer-wZ-RWVLR.js                      9.16 kB │ gzip:   4.38 kB
dist/assets/paperDraw-D-uxhJXa.js                     9.71 kB │ gzip:   4.46 kB
dist/assets/runtime-Cb32gm3h.js                      10.21 kB │ gzip:   4.40 kB
dist/assets/cosmeticStudio-BkSoLJ6c.js               10.95 kB │ gzip:   4.48 kB
dist/assets/renderer-Ct_xFbYZ.js                     11.44 kB │ gzip:   4.68 kB
dist/assets/game-wAnEuTl1.js                         12.07 kB │ gzip:   4.45 kB
dist/assets/renderer-lhW_2yPv.js                     13.25 kB │ gzip:   5.39 kB
dist/assets/renderer-DTVfNbs0.js                     16.51 kB │ gzip:   6.73 kB
dist/assets/renderer-Bes4XZEe.js                     17.37 kB │ gzip:   6.80 kB
dist/assets/renderer-2MYKo-4c.js                     18.37 kB │ gzip:   7.71 kB
dist/assets/runtime-CbK-ErIk.js                      19.64 kB │ gzip:   8.59 kB
dist/assets/renderer-B2guWQAv.js                     20.15 kB │ gzip:   9.11 kB
dist/assets/inspection-DKFOmXTi.js                   25.01 kB │ gzip:   7.04 kB
dist/assets/riftScene-BW2l1ecX.js                    27.43 kB │ gzip:  11.33 kB
dist/assets/libraryAssets-YJ6ghD2v.js                45.10 kB │ gzip:  13.71 kB
dist/assets/duelScene-DaQ9hFlP.js                    63.70 kB │ gzip:  24.80 kB
dist/assets/main-D-RI6OdK.js                        153.27 kB │ gzip:  55.79 kB
dist/assets/layout-BJHmAE0m.js                      309.19 kB │ gzip: 123.85 kB
dist/assets/RoomEnvironment-fSkbWnb1.js             620.45 kB │ gzip: 160.89 kB
dist/assets/modal-CYs-zYjG.js                     1,266.39 kB │ gzip: 391.71 kB

(!) Some chunks are larger than 500 kB after minification. Consider:
- Using dynamic import() to code-split the application
- Use build.rollupOptions.output.manualChunks to improve chunking: https://rollupjs.org/configuration-options/#output-manualchunks
- Adjust chunk size limit for this warning via build.chunkSizeWarningLimit.
✓ built in 6.98s
From https://github.com/hiromaru05s/yourlore
 * branch              main       -> FETCH_HEAD

 ⛅️ wrangler 4.144.0 (update available 4.149.0)
───────────────────────────────────────────────
🌀 Building list of assets...
✨ Read 2326 files from the assets directory /private/var/folders/tt/p79qbyt14t14jwlfh80_l0v40000gn/T/lore-release-hzhDtn/client/dist
🌀 Starting asset upload...
🌀 Found 38 new or modified static assets to upload. Proceeding with upload...
+ /cosmetic-studio.html
+ /assets/catalogRender-BZnQexkL.js
+ /assets/ornaments-D7IFisAu.js
+ /assets/BufferGeometryUtils-CxvLlqkP.js
+ /assets/scene-8fKPbiwa.js
+ /assets/diceScene-HpNIgEf2.js
+ /assets/renderer-wZ-RWVLR.js
+ /assets/cosmeticStudio-BkSoLJ6c.js
+ /assets/renderer-lhW_2yPv.js
+ /assets/renderer-2MYKo-4c.js
+ /assets/inspection-DKFOmXTi.js
+ /assets/duelScene-DaQ9hFlP.js
+ /assets/RoomEnvironment-fSkbWnb1.js
+ /index.html
+ /assets/persistentFlightRenderer-pL2r7FbX.js
+ /assets/master-tongues-DGgnU-87.js
+ /assets/board-BL_nQPiC.js
+ /assets/sleeve-TxAu5wCI.js
+ /assets/ceremonyScene-Dq5WpLCx.js
+ /assets/paperDraw-D-uxhJXa.js
+ /assets/renderer-Ct_xFbYZ.js
+ /assets/renderer-DTVfNbs0.js
+ /assets/runtime-CbK-ErIk.js
+ /assets/riftScene-BW2l1ecX.js
+ /assets/main-D-RI6OdK.js
+ /assets/modal-CYs-zYjG.js
+ /assets/pileModels-DKqQYjjw.js
+ /assets/baseFurniture-CYiyK-Mu.js
+ /assets/family-matter-BPXA7Dr3.js
+ /assets/royal-matter-DTbmi3lt.js
+ /assets/runtime-CbL56ncc.js
+ /assets/materials-DmIvy1hJ.js
+ /assets/runtime-Cb32gm3h.js
+ /assets/game-wAnEuTl1.js
+ /assets/renderer-Bes4XZEe.js
+ /assets/renderer-B2guWQAv.js
+ /assets/libraryAssets-YJ6ghD2v.js
+ /assets/layout-BJHmAE0m.js
Uploaded 13 of 38 assets
Uploaded 26 of 38 assets
Uploaded 38 of 38 assets
✨ Success! Uploaded 38 files (2188 already uploaded) (1.93 sec)

Total Upload: 1483.79 KiB / gzip: 303.63 KiB
Worker Startup Time: 20 ms
Your Worker has access to the following bindings:
Binding                                                                    Resource
env.MATCHMAKER (Matchmaker)                                                Durable Object
env.GAME_ROOM (GameRoom)                                                   Durable Object
env.DB (lore-db-staging)                                                   D1 Database
env.AUTH_RATE_LIMITER (30 requests/60s)                                    Rate Limit
env.INQUIRY_RATE_LIMITER (5 requests/60s)                                  Rate Limit
env.ASSETS                                                                 Assets
env.APP_ORIGIN ("*")                                                       Environment Variable
env.MATCH_TEST_BOTS ("1")                                                  Environment Variable
env.GOOGLE_CLIENT_ID ("955911680552-9i1tcrojam3v759dmampaga6...")          Environment Variable
env.ADMIN_EMAILS ("maruru836818@gmail.com,suhwoo3@gmail....")              Environment Variable

Uploaded lore-server-staging (10.57 sec)
Deployed lore-server-staging triggers (1.60 sec)
  test.yourlore.xyz (custom domain)
Current Version ID: 273ae794-3c0a-45a2-94ac-a5d23886bdad
Deployed committed snapshot fcbb553550a27845f68eae145b400e40a15a654b staging
