Running ['python3', 'harness/analyze-gambler.py']
{"passed": true, "attempted": 2688, "finished": 2688, "unfinished": 0, "reasons": {}, "completeBlocks": 448, "arms": {"0": {"n": 448, "mean": 0.28794642857142855, "lo": 0.2522684831038819, "hi": 0.3236243740389752}, "1": {"n": 448, "mean": 0.3950892857142857, "lo": 0.3571408230951413, "hi": 0.4330377483334301}, "2": {"n": 448, "mean": 0.4263392857142857, "lo": 0.38902806485271096, "hi": 0.46365050657586043}}, "deltas": {"0->1": {"n": 448, "mean": 0.10714285714285714, "lo": 0.0710633091861459, "hi": 0.14322240509956838}, "1->2": {"n": 448, "mean": 0.03125, "lo": -0.001397820346511279, "hi": 0.06389782034651129}, "0->2": {"n": 448, "mean": 0.13839285714285715, "lo": 0.09875069551224973, "hi": 0.17803501877346456}}, "use": {"0": {"gamblerUsed": 0, "legendUsed": 0.6183035714285714}, "1": {"gamblerUsed": 1, "legendUsed": 0.5647321428571429}, "2": {"gamblerUsed": 1, "legendUsed": 0.6171875}}, "rawSha256": "f3b6675afc656fe9424445a5e23f972e9d18f952395cfe3039bd1047d0709b8f", "notes": "Follow-up design inherited unchanged from v51, fixed Casino recipe and 28 opponents; differences conditional on deliberate Legendary Gambler acquisition. Same seeds/starts; all six games must finish."}
Running ['python3', 'harness/check-analysis.py']
PASS: observed pair comparison denominators and score bounds
PASS: analysis invariants
Running ['python3', 'harness/compare-rework.py']
Paired rework comparisons: 407
Running ['python3', 'harness/peer-coverage.py']
MERC_LEADER 409 73.24% 72.00% 68.66% 75.35%
M11 410 71.76% 70.43% 67.00% 73.85%
TDE3 364 61.64% 59.96% 55.82% 64.10%
EGG_MASTER 365 61.61% 59.73% 56.05% 63.40%
LUCKY_CHEST 365 39.46% 38.22% 34.54% 41.90%
AJIN 411 35.39% 32.97% 29.51% 36.43%
Supported peer identities 203
Running ['python3', 'harness/report-v52.py']
Rendered v52 rankings and report: 819648 816808 2840
Running ['node', 'harness/check-report.mjs', '.']
PASS: report tabs, counts, Japanese search, keyboard sorting, pair filtering and script execution
COMPLETE: validation and first report render
