
 ⛅️ wrangler 4.130.0 (update available 4.143.0)
───────────────────────────────────────────────

Cloudflare collects anonymous telemetry about your usage of Wrangler. Learn more at https://github.com/cloudflare/workers-sdk/tree/main/packages/wrangler/telemetry.md
🌀 Building list of assets...
✨ Read 2108 files from the assets directory /private/tmp/lore-rank-sfx-release-20260929/client/dist
🌀 Starting asset upload...
🌀 Found 17 new or modified static assets to upload. Proceeding with upload...
+ /index.html
+ /sfx/lore-v4/rankDown.mp3
+ /sfx/lore-v4/rankPromote.mp3
+ /assets/diceScene-C1iYc6E5.js.map
+ /assets/riftScene-UukpAUYq.js.map
+ /assets/main-BhRAkPBb.js
+ /assets/diceScene-C1iYc6E5.js
+ /sfx/lore-v4/rankUp.mp3
+ /assets/riftScene-UukpAUYq.js
+ /assets/crownOutcome-PtVVAzhf.js.map
+ /assets/duelScene-BERfjg43.js.map
+ /assets/main-BhRAkPBb.js.map
+ /assets/paperDraw-Cadoy9-S.js
+ /assets/crownOutcome-PtVVAzhf.js
+ /assets/paperDraw-Cadoy9-S.js.map
+ /assets/duelScene-BERfjg43.js
+ /assets/main-BB6JmHoj.css
Uploaded 5 of 17 assets
Uploaded 11 of 17 assets
Uploaded 17 of 17 assets
✨ Success! Uploaded 17 files (2024 already uploaded) (2.56 sec)

Total Upload: 1090.35 KiB / gzip: 234.89 KiB
Worker Startup Time: 51 ms
Your Worker has access to the following bindings:
Binding                                                                Resource
env.MATCHMAKER (Matchmaker)                                            Durable Object
env.GAME_ROOM (GameRoom)                                               Durable Object
env.DB (lore-db-staging)                                               D1 Database
env.ASSETS                                                             Assets
env.APP_ORIGIN ("*")                                                   Environment Variable
env.GOOGLE_CLIENT_ID ("955911680552-9i1tcrojam3v759dmampaga6...")      Environment Variable
env.ADMIN_EMAILS ("maruru836818@gmail.com,suhwoo3@gmail....")          Environment Variable

Uploaded lore-server-staging (11.12 sec)
Deployed lore-server-staging triggers (2.46 sec)
  test.yourlore.xyz (custom domain)
Current Version ID: 4ee808c5-a55d-41a1-ae2c-3d41b7e5453c
