
> lore-tcg@0.1.0 build
> node scripts/guard-design.mjs && npm --workspace client run build

✓ guard-design: ok

> lore-client@0.1.0 build
> tsc --noEmit && vite build

vite v7.3.6 building client environment for production...
transforming...
✓ 191 modules transformed.
rendering chunks...
computing gzip size...
dist/index.html                              1.13 kB │ gzip:   0.62 kB
dist/assets/game-pMfcEDtF.css                1.26 kB │ gzip:   0.49 kB
dist/assets/main-DqVLKpFa.css              353.89 kB │ gzip:  73.42 kB
dist/assets/handGeometry-Bz96hXgQ.js         0.95 kB │ gzip:   0.53 kB
dist/assets/RoomEnvironment-TTEL-hr4.js      2.06 kB │ gzip:   0.88 kB
dist/assets/voidSurface-UImmFOkS.js          2.90 kB │ gzip:   1.49 kB
dist/assets/diceScene-Dnea3yHs.js            8.18 kB │ gzip:   3.82 kB
dist/assets/ceremonyScene-BCIe5Zx9.js        8.93 kB │ gzip:   3.97 kB
dist/assets/paperDraw-BSr6usIQ.js            9.50 kB │ gzip:   4.34 kB
dist/assets/crownOutcome-Cu7NYa08.js        13.76 kB │ gzip:   6.01 kB
dist/assets/riftScene-BMVRyJpq.js           28.08 kB │ gzip:  11.33 kB
dist/assets/duelScene-Bt_dLfDM.js          107.20 kB │ gzip:  38.41 kB
dist/assets/game-L_91wS-i.js               311.84 kB │ gzip: 124.09 kB
dist/assets/main-D6b9cE3i.js             1,602.41 kB │ gzip: 470.83 kB

(!) Some chunks are larger than 500 kB after minification. Consider:
- Using dynamic import() to code-split the application
- Use build.rollupOptions.output.manualChunks to improve chunking: https://rollupjs.org/configuration-options/#output-manualchunks
- Adjust chunk size limit for this warning via build.chunkSizeWarningLimit.
✓ built in 2.64s
